**********************
Windows PowerShell transcript start
Start time: 20180113220341
Username: SUPERCOMPUTER\Super Computer
RunAs User: SUPERCOMPUTER\Super Computer
Configuration Name: 
Machine: SUPERCOMPUTER (Microsoft Windows NT 10.0.16299.0)
Host Application: C:\Windows\System32\WindowsPowerShell\v1.0\powershell.exe
Process ID: 15120
PSVersion: 5.1.16299.98
PSEdition: Desktop
PSCompatibleVersions: 1.0, 2.0, 3.0, 4.0, 5.0, 5.1.16299.98
BuildVersion: 10.0.16299.98
CLRVersion: 4.0.30319.42000
WSManStackVersion: 3.0
PSRemotingProtocolVersion: 2.3
SerializationVersion: 1.1.0.1
**********************
Transcript started, output file is fredarthur
PS C:\Users\Super Computer\OneDrive\Documents\Powershell> copy-file fred ellen
copy-file : The term 'copy-file' is not recognized as the name of a cmdlet, function, script file, or operable program. 
Check the spelling of the name, or if a path was included, verify that the path is correct and try again.
At line:1 char:1
+ copy-file fred ellen
+ ~~~~~~~~~
    + CategoryInfo          : ObjectNotFound: (copy-file:String) [], CommandNotFoundException
    + FullyQualifiedErrorId : CommandNotFoundException
copy-file : The term 'copy-file' is not recognized as the name of a cmdlet, function, script file, or operable
program. Check the spelling of the name, or if a path was included, verify that the path is correct and try again.
At line:1 char:1
+ copy-file fred ellen
+ ~~~~~~~~~
    + CategoryInfo          : ObjectNotFound: (copy-file:String) [], CommandNotFoundException
    + FullyQualifiedErrorId : CommandNotFoundException

PS C:\Users\Super Computer\OneDrive\Documents\Powershell> new-item fred


    Directory: C:\Users\Super Computer\OneDrive\Documents\Powershell


Mode                LastWriteTime         Length Name
----                -------------         ------ ----
-a----        1/13/2018  10:04 PM              0 fred


PS C:\Users\Super Computer\OneDrive\Documents\Powershell> set-content fred "bea and Irv"
PS C:\Users\Super Computer\OneDrive\Documents\Powershell> copy fred ellen
PS C:\Users\Super Computer\OneDrive\Documents\Powershell> get-content ellen
bea and Irv
PS C:\Users\Super Computer\OneDrive\Documents\Powershell> remove-item ellen, fred
PS C:\Users\Super Computer\OneDrive\Documents\Powershell> remove-item fred
remove-item : Cannot find path 'C:\Users\Super Computer\OneDrive\Documents\Powershell\fred' because it does not exist.
At line:1 char:1
+ remove-item fred
+ ~~~~~~~~~~~~~~~~
    + CategoryInfo          : ObjectNotFound: (C:\Users\Super ...Powershell\fred:String) [Remove-Item], 
ItemNotFoundException
    + FullyQualifiedErrorId : PathNotFound,Microsoft.PowerShell.Commands.RemoveItemCommand
remove-item : Cannot find path 'C:\Users\Super Computer\OneDrive\Documents\Powershell\fred' because it does not exist.
At line:1 char:1
+ remove-item fred
+ ~~~~~~~~~~~~~~~~
    + CategoryInfo          : ObjectNotFound: (C:\Users\Super ...Powershell\fred:String) [Remove-Item], ItemNotFoundEx
   ception
    + FullyQualifiedErrorId : PathNotFound,Microsoft.PowerShell.Commands.RemoveItemCommand

PS C:\Users\Super Computer\OneDrive\Documents\Powershell> Stop-Transcript
**********************
Windows PowerShell transcript end
End time: 20180113220509
**********************
